16.401 18.358 13.038 7.071 
25.495 8.000 19.849 17.029 
11.662 20.125 24.083 12.083 
23.431 14.318 19.209 21.260 
12.000 21.633 15.524 9.220 
19.105 17.117 15.652 18.868 
21.954 21.954 14.142 12.042 
8.062 19.235 7.616 19.235 
12.806 8.602 10.198 11.402 
10.000 21.633 16.401 21.954 
8.246 13.000 12.369 1.000 
19.799 19.235 18.385 20.616 
