13-10i 9+16i 7-11i -5-5i 
-19-17i -8+0i 15+13i 1+17i 
10-6i -9+18i -16-18i 11-5i 
18+15i -3-14i -15+12i 16-14i 
0-12i 18-12i -15-4i 9-2i 
-2-19i 17-2i 7-14i 10-16i 
19-11i -19+11i 14+2i 9+8i 
-1-8i -9+17i -7-3i -17+9i 
-8+10i 7-5i 10-2i -3-11i 
6-8i 18-12i 10-13i -19-11i 
2-8i 12+5i 12+3i 0+1i 
-14+14i 9+17i 7-17i -19-8i 
