14.720 18.439 16.104 20.235 13.762 17.993 18.048 13.649 10.800 19.017 10.308 19.517 
