------ Authentication ------
id=
passwd=
-----------------------------------
root@sns.com
post : Post contents
recommend <number> : recommend <number> interesting posts
search <keyword> : List post entries whose contents contain <keyword>
exit : Terminate this program
-----------------------------------
Command=
