------ Authentication ------
id=
passwd=
Failed Authentication.
